../Core/Src/main.c:109:1:__io_putchar	16	static
../Core/Src/main.c:114:6:HAL_CAN_TxMailbox0CompleteCallback	16	static
../Core/Src/main.c:118:6:HAL_CAN_TxMailbox0AbortCallback	16	static
../Core/Src/main.c:122:6:HAL_CAN_TxMailbox1CompleteCallback	16	static
../Core/Src/main.c:126:6:HAL_CAN_TxMailbox1AbortCallback	16	static
../Core/Src/main.c:130:6:HAL_CAN_TxMailbox2CompleteCallback	16	static
../Core/Src/main.c:134:6:HAL_CAN_TxMailbox2AbortCallback	16	static
../Core/Src/main.c:138:6:HAL_CAN_RxFifo0MsgPendingCallback	16	static
../Core/Src/main.c:148:5:main	8	static
../Core/Src/main.c:261:6:SystemClock_Config	88	static
../Core/Src/main.c:319:13:MX_CAN1_Init	8	static
../Core/Src/main.c:356:13:MX_USART3_UART_Init	8	static
../Core/Src/main.c:391:13:MX_USB_OTG_FS_PCD_Init	8	static
../Core/Src/main.c:424:13:MX_DMA_Init	16	static
../Core/Src/main.c:442:13:MX_GPIO_Init	56	static
../Core/Src/main.c:503:6:StartDefaultTask	24	static
../Core/Src/main.c:552:6:StartControllerTask	16	static
../Core/Src/main.c:567:6:HAL_TIM_PeriodElapsedCallback	16	static
../Core/Src/main.c:584:6:Error_Handler	4	static,ignoring_inline_asm
